<html>
<body>
<pre>
<h1>µVision Build Log</h1>
<h2>Tool Versions:</h2>
IDE-Version: µVision V5.24.2.0
Copyright (C) 2017 ARM Ltd and ARM Germany GmbH. All rights reserved.
License Information: Mikhail Sinelnikov, home, LIC=8MZCX-HRVPZ-AVE1J-UAIRE-FZ8PX-58WUS
 
Tool Versions:
Toolchain:       MDK-ARM Professional  Version: 5.24.1
Toolchain Path:  C:\Keil_v5\ARM\ARMCC\Bin
C Compiler:      Armcc.exe V5.06 update 5 (build 528)
Assembler:       Armasm.exe V5.06 update 5 (build 528)
Linker/Locator:  ArmLink.exe V5.06 update 5 (build 528)
Library Manager: ArmAr.exe V5.06 update 5 (build 528)
Hex Converter:   FromElf.exe V5.06 update 5 (build 528)
CPU DLL:         SARMCM3.DLL V5.24.1
Dialog DLL:      DCM.DLL V1.16.0.0
Target DLL:      Segger\JL2CM3.dll V2.99.26.0
Dialog DLL:      TCM.DLL V1.32.0.0
 
<h2>Project:</h2>
C:\Users\msin87_core_i5\Documents\stm32\freertos_cubemx\MDK-ARM\freertos_cubemx.uvprojx
Project File Date:  01/16/2019

<h2>Output:</h2>
*** Using Compiler 'V5.06 update 5 (build 528)', folder: 'C:\Keil_v5\ARM\ARMCC\Bin'
Build target 'freertos_cubemx'
compiling skinning.c...
..\Middlewares\Third_Party\STemWin\config\inc\TimeSumWinSetup.h(28): warning:  #1-D: last line of file ends without a newline
  #endif
..\Src\skinning.c: 1 warning, 0 errors
compiling callbacks.c...
..\Middlewares\Third_Party\STemWin\config\inc\TimeSumWinSetup.h(28): warning:  #1-D: last line of file ends without a newline
  #endif
..\Src\callbacks.c(40): warning:  #177-D: variable "i"  was declared but never referenced
  	uint8_t i = 0;
..\Src\callbacks.c(101): warning:  #177-D: variable "i"  was declared but never referenced
  	uint8_t i = 0;
..\Src\callbacks.c(126): warning:  #177-D: variable "i"  was declared but never referenced
  	uint8_t i = 0;
..\Src\callbacks.c(186): warning:  #111-D: statement is unreachable
  		break;
..\Src\callbacks.c(577): warning:  #1-D: last line of file ends without a newline
  }
..\Src\callbacks.c: 7 warnings, 0 errors
compiling main.c...
..\Middlewares\Third_Party\STemWin\config\inc\TimeSumWinSetup.h(28): warning:  #1-D: last line of file ends without a newline
  #endif
../Src/main.c: 1 warning, 0 errors
compiling LineSetup.c...
..\Middlewares\Third_Party\STemWin\config\inc\TimeSumWinSetup.h(28): warning:  #1-D: last line of file ends without a newline
  #endif
..\Middlewares\Third_Party\STemWin\config\src\LineSetup.c(470): warning:  #1-D: last line of file ends without a newline
  /*************************** End of file ****************************/
..\Middlewares\Third_Party\STemWin\config\src\LineSetup.c: 2 warnings, 0 errors
compiling mainMenu.c...
..\Middlewares\Third_Party\STemWin\config\inc\TimeSumWinSetup.h(28): warning:  #1-D: last line of file ends without a newline
  #endif
..\Middlewares\Third_Party\STemWin\config\src\mainMenu.c: 1 warning, 0 errors
compiling LineSetupPulse.c...
..\Middlewares\Third_Party\STemWin\config\inc\TimeSumWinSetup.h(28): warning:  #1-D: last line of file ends without a newline
  #endif
..\Middlewares\Third_Party\STemWin\config\src\LineSetupPulse.c: 1 warning, 0 errors
compiling TimeCalibrate.c...
..\Middlewares\Third_Party\STemWin\config\inc\TimeSumWinSetup.h(28): warning:  #1-D: last line of file ends without a newline
  #endif
..\Middlewares\Third_Party\STemWin\config\src\TimeCalibrate.c: 1 warning, 0 errors
compiling TimeDateSetup.c...
..\Middlewares\Third_Party\STemWin\config\inc\TimeSumWinSetup.h(28): warning:  #1-D: last line of file ends without a newline
  #endif
..\Middlewares\Third_Party\STemWin\config\src\TimeDateSetup.c: 1 warning, 0 errors
compiling TimeSetup.c...
..\Middlewares\Third_Party\STemWin\config\inc\TimeSumWinSetup.h(28): warning:  #1-D: last line of file ends without a newline
  #endif
..\Middlewares\Third_Party\STemWin\config\src\TimeSetup.c: 1 warning, 0 errors
compiling TimeSumWinSetup.c...
..\Middlewares\Third_Party\STemWin\config\inc\TimeSumWinSetup.h(28): warning:  #1-D: last line of file ends without a newline
  #endif
..\Middlewares\Third_Party\STemWin\config\inc\TimeSumWinSetup.h(28): warning:  #1-D: last line of file ends without a newline
  #endif
..\Middlewares\Third_Party\STemWin\config\src\TimeSumWinSetup.c(237): warning:  #514-D: pointless comparison of unsigned integer with a negative constant
  				if (daylightSavingTemp.timeZone != -12)
..\Middlewares\Third_Party\STemWin\config\src\TimeSumWinSetup.c(346): warning:  #1-D: last line of file ends without a newline
  /*************************** End of file ****************************/
..\Middlewares\Third_Party\STemWin\config\src\TimeSumWinSetup.c: 4 warnings, 0 errors
linking...
Program Size: Code=102952 RO-data=82600 RW-data=1132 ZI-data=43612  
FromELF: creating hex file...
"freertos_cubemx\freertos_cubemx.axf" - 0 Error(s), 19 Warning(s).

<h2>Software Packages used:</h2>

Package Vendor: ARM
                http://www.keil.com/pack/ARM.CMSIS.5.4.0.pack
                ARM.CMSIS.5.4.0
                CMSIS (Cortex Microcontroller Software Interface Standard)
   * Component: CORE Version: 5.1.2

Package Vendor: Keil
                http://www.keil.com/pack/Keil.STM32F1xx_DFP.2.3.0.pack
                Keil.STM32F1xx_DFP.2.3.0
                STMicroelectronics STM32F1 Series Device Support, Drivers and Examples

<h2>Collection of Component include folders:</h2>
  .\RTE\_freertos_cubemx
  C:\Keil_v5\ARM\PACK\ARM\CMSIS\5.4.0\CMSIS\Core\Include
  C:\Keil_v5\ARM\PACK\Keil\STM32F1xx_DFP\2.3.0\Device\Include

<h2>Collection of Component Files used:</h2>

   * Component: ARM::CMSIS:CORE:5.1.2
Build Time Elapsed:  00:00:13
</pre>
</body>
</html>
